Removed Pin From Net: NetName=VCC Pin=C11_socket1-1
Removed Pin From Net: NetName=LOADCELL_N1_socket1 Pin=C11_socket1-2
Removed Pin From Net: NetName=VCC Pin=C11_socket2-1
Removed Pin From Net: NetName=LOADCELL_N1_socket1 Pin=C11_socket2-2
Removed Pin From Net: NetName=VCC Pin=C11_socket3-1
Removed Pin From Net: NetName=LOADCELL_N1_socket1 Pin=C11_socket3-2
Removed Pin From Net: NetName=VCC Pin=C11_socket4-1
Removed Pin From Net: NetName=LOADCELL_N1_socket1 Pin=C11_socket4-2
Removed Pin From Net: NetName=VCC Pin=C11_socket5-1
Removed Pin From Net: NetName=LOADCELL_N1_socket1 Pin=C11_socket5-2
Removed Pin From Net: NetName=VCC Pin=C11_socket6-1
Removed Pin From Net: NetName=LOADCELL_N1_socket1 Pin=C11_socket6-2
Removed Pin From Net: NetName=VCC Pin=C11_socket7-1
Removed Pin From Net: NetName=LOADCELL_N1_socket1 Pin=C11_socket7-2
Removed Pin From Net: NetName=VCC Pin=C11_socket8-1
Removed Pin From Net: NetName=LOADCELL_N1_socket1 Pin=C11_socket8-2
Removed Pin From Net: NetName=VCC Pin=C12_socket1-1
Removed Pin From Net: NetName=LOADCELL_N1_socket1 Pin=C12_socket1-2
Removed Pin From Net: NetName=VCC Pin=C12_socket2-1
Removed Pin From Net: NetName=LOADCELL_N1_socket1 Pin=C12_socket2-2
Removed Pin From Net: NetName=VCC Pin=C12_socket3-1
Removed Pin From Net: NetName=LOADCELL_N1_socket1 Pin=C12_socket3-2
Removed Pin From Net: NetName=VCC Pin=C12_socket4-1
Removed Pin From Net: NetName=LOADCELL_N1_socket1 Pin=C12_socket4-2
Removed Pin From Net: NetName=VCC Pin=C12_socket5-1
Removed Pin From Net: NetName=LOADCELL_N1_socket1 Pin=C12_socket5-2
Removed Pin From Net: NetName=VCC Pin=C12_socket6-1
Removed Pin From Net: NetName=LOADCELL_N1_socket1 Pin=C12_socket6-2
Removed Pin From Net: NetName=VCC Pin=C12_socket7-1
Removed Pin From Net: NetName=LOADCELL_N1_socket1 Pin=C12_socket7-2
Removed Pin From Net: NetName=VCC Pin=C12_socket8-1
Removed Pin From Net: NetName=LOADCELL_N1_socket1 Pin=C12_socket8-2
Removed Member From Class: ClassName=socket1 Member=C11_socket1
Removed Member From Class: ClassName=socket2 Member=C11_socket2
Removed Member From Class: ClassName=socket3 Member=C11_socket3
Removed Member From Class: ClassName=socket4 Member=C11_socket4
Removed Member From Class: ClassName=socket5 Member=C11_socket5
Removed Member From Class: ClassName=socket6 Member=C11_socket6
Removed Member From Class: ClassName=socket7 Member=C11_socket7
Removed Member From Class: ClassName=socket8 Member=C11_socket8
Removed Member From Class: ClassName=socket1 Member=C12_socket1
Removed Member From Class: ClassName=socket2 Member=C12_socket2
Removed Member From Class: ClassName=socket3 Member=C12_socket3
Removed Member From Class: ClassName=socket4 Member=C12_socket4
Removed Member From Class: ClassName=socket5 Member=C12_socket5
Removed Member From Class: ClassName=socket6 Member=C12_socket6
Removed Member From Class: ClassName=socket7 Member=C12_socket7
Removed Member From Class: ClassName=socket8 Member=C12_socket8
Change Component Footprint: Designator=C21_socket1 Old Footprint=FP-CGA5L-0_3-0_1-MFG New Footprint=FP-CGA5L-0_3-0_1-IPC_A
Change Component Footprint: Designator=C21_socket2 Old Footprint=FP-CGA5L-0_3-0_1-MFG New Footprint=FP-CGA5L-0_3-0_1-IPC_A
Change Component Footprint: Designator=C21_socket3 Old Footprint=FP-CGA5L-0_3-0_1-MFG New Footprint=FP-CGA5L-0_3-0_1-IPC_A
Change Component Footprint: Designator=C21_socket4 Old Footprint=FP-CGA5L-0_3-0_1-MFG New Footprint=FP-CGA5L-0_3-0_1-IPC_A
Change Component Footprint: Designator=C21_socket5 Old Footprint=FP-CGA5L-0_3-0_1-MFG New Footprint=FP-CGA5L-0_3-0_1-IPC_A
Change Component Footprint: Designator=C21_socket6 Old Footprint=FP-CGA5L-0_3-0_1-MFG New Footprint=FP-CGA5L-0_3-0_1-IPC_A
Change Component Footprint: Designator=C21_socket7 Old Footprint=FP-CGA5L-0_3-0_1-MFG New Footprint=FP-CGA5L-0_3-0_1-IPC_A
Change Component Footprint: Designator=C21_socket8 Old Footprint=FP-CGA5L-0_3-0_1-MFG New Footprint=FP-CGA5L-0_3-0_1-IPC_A
Change Component Footprint: Designator=C22_socket1 Old Footprint=FP-CGA5L-0_3-0_1-MFG New Footprint=FP-CGA5L-0_3-0_1-IPC_A
Change Component Footprint: Designator=C22_socket2 Old Footprint=FP-CGA5L-0_3-0_1-MFG New Footprint=FP-CGA5L-0_3-0_1-IPC_A
Change Component Footprint: Designator=C22_socket3 Old Footprint=FP-CGA5L-0_3-0_1-MFG New Footprint=FP-CGA5L-0_3-0_1-IPC_A
Change Component Footprint: Designator=C22_socket4 Old Footprint=FP-CGA5L-0_3-0_1-MFG New Footprint=FP-CGA5L-0_3-0_1-IPC_A
Change Component Footprint: Designator=C22_socket5 Old Footprint=FP-CGA5L-0_3-0_1-MFG New Footprint=FP-CGA5L-0_3-0_1-IPC_A
Change Component Footprint: Designator=C22_socket6 Old Footprint=FP-CGA5L-0_3-0_1-MFG New Footprint=FP-CGA5L-0_3-0_1-IPC_A
Change Component Footprint: Designator=C22_socket7 Old Footprint=FP-CGA5L-0_3-0_1-MFG New Footprint=FP-CGA5L-0_3-0_1-IPC_A
Change Component Footprint: Designator=C22_socket8 Old Footprint=FP-CGA5L-0_3-0_1-MFG New Footprint=FP-CGA5L-0_3-0_1-IPC_A
Change Component Designator: OldDesignator=C21_socket1 NewDesignator=C1_socket1
Change Component Designator: OldDesignator=C21_socket2 NewDesignator=C1_socket2
Change Component Designator: OldDesignator=C21_socket3 NewDesignator=C1_socket3
Change Component Designator: OldDesignator=C21_socket4 NewDesignator=C1_socket4
Change Component Designator: OldDesignator=C21_socket5 NewDesignator=C1_socket5
Change Component Designator: OldDesignator=C21_socket6 NewDesignator=C1_socket6
Change Component Designator: OldDesignator=C21_socket7 NewDesignator=C1_socket7
Change Component Designator: OldDesignator=C21_socket8 NewDesignator=C1_socket8
Change Component Designator: OldDesignator=C22_socket1 NewDesignator=C2_socket1
Change Component Designator: OldDesignator=C22_socket2 NewDesignator=C2_socket2
Change Component Designator: OldDesignator=C22_socket3 NewDesignator=C2_socket3
Change Component Designator: OldDesignator=C22_socket4 NewDesignator=C2_socket4
Change Component Designator: OldDesignator=C22_socket5 NewDesignator=C2_socket5
Change Component Designator: OldDesignator=C22_socket6 NewDesignator=C2_socket6
Change Component Designator: OldDesignator=C22_socket7 NewDesignator=C2_socket7
Change Component Designator: OldDesignator=C22_socket8 NewDesignator=C2_socket8
Added Component: Designator=C3(FP-1206-L_3_2_0_3-W_1_6_0-IPC_A)
Add component (AddParameter): Name = "Capacitance"; Value = "22uF"; VariantName = "[No Variations]"
Add component (AddParameter): Name = "Case Code (Imperial)"; Value = "1206"; VariantName = "[No Variations]"
Add component (AddParameter): Name = "Case Code (Metric)"; Value = "3216"; VariantName = "[No Variations]"
Add component (AddParameter): Name = "Case/Package"; Value = "1206"; VariantName = "[No Variations]"
Add component (AddParameter): Name = "Dielectric"; Value = "X6S"; VariantName = "[No Variations]"
Add component (AddParameter): Name = "Lead Free"; Value = "Lead Free"; VariantName = "[No Variations]"
Add component (AddParameter): Name = "Length"; Value = "0.126inch"; VariantName = "[No Variations]"
Add component (AddParameter): Name = "Max Operating Temperature"; Value = "105°C"; VariantName = "[No Variations]"
Add component (AddParameter): Name = "Min Operating Temperature"; Value = "-55°C"; VariantName = "[No Variations]"
Add component (AddParameter): Name = "Mount"; Value = "Surface Mount"; VariantName = "[No Variations]"
Add component (AddParameter): Name = "Packaging"; Value = "Tape and Reel"; VariantName = "[No Variations]"
Add component (AddParameter): Name = "Thickness"; Value = "0.071inch"; VariantName = "[No Variations]"
Add component (AddParameter): Name = "Tolerance"; Value = "20%"; VariantName = "[No Variations]"
Add component (AddParameter): Name = "Voltage Rating"; Value = "16V"; VariantName = "[No Variations]"
Add component (AddParameter): Name = "Width"; Value = "0.063inch"; VariantName = "[No Variations]"
Added Pin To Net: NetName=VCC Pin=C3-1
Added Pin To Net: NetName=LOADCELL_N1_socket1 Pin=C3-2
Added Member To Class: ClassName=main Member=Component C3 EMK316BC6226ML-T
